exports[`test Footer Component should render as expected 1`] = `
<footer
  className="Footer">
  Miguel Correa | 
  <a
    href="https://twitter.com/Miguelc1221"
    target="_blank">
    @Miguelc1221
  </a>
</footer>
`;
